map "http://smart.who.int/icvp/StructureMap/PreQualDBtoProductLM" = "PreQualDBtoProductLM"
uses "http://smart.who.int/icvp/StructureDefinition/PreQualDBwithIDs" alias PreQualDB as source
uses "http://smart.who.int/icvp/StructureDefinition/Product" alias Product as target

group PreQualDBtoProductLM(source prequal: PreQualDB, target product : Product) {
   prequal.number as number -> product.number = number "setNumber";
   prequal.commercialName as name -> product.name = name "setName";
   prequal.manufacturer as manufacturer -> product.manufacturer = manufacturer "setManufacturer";
   prequal.dateOfPrequal as date -> product.dateOfPrequal = date "setDate";
   prequal.vaccineType as vaccineType -> product.vaccineType = vaccineType "setVaccineType";
   prequal.presentation as presentation -> product.presentation = presentation "setPresentation";
   prequal.numDoses as doses -> product.numDoses = doses "setDoses";
   prequal.responsibleNRA as nra -> product.responsibleNRA = nra "setResponsibleNRA";
}